[arco.bitballoon.com/main.html]
[backblue.gif]
[fade.gif]
[index.html]
[arco.bitballoon.com/img/favicon.ico]
[arco.bitballoon.com/css/plugins.css]
[arco.bitballoon.com/css/style.css]
[arco.bitballoon.com/img/logo-light.png]
[arco.bitballoon.com/img/1.jpg]
[arco.bitballoon.com/img/bg3.jpg]
[arco.bitballoon.com/img/portfolio/1.jpg]
[arco.bitballoon.com/img/portfolio/2.jpg]
[arco.bitballoon.com/img/portfolio/3.jpg]
[arco.bitballoon.com/img/portfolio/4.jpg]
[arco.bitballoon.com/img/portfolio/5.jpg]
[arco.bitballoon.com/img/portfolio/6.jpg]
[arco.bitballoon.com/img/portfolio/7.jpg]
[arco.bitballoon.com/img/portfolio/8.jpg]
[arco.bitballoon.com/img/2.jpg]
[arco.bitballoon.com/img/team/1.jpg]
[arco.bitballoon.com/img/team/2.jpg]
[arco.bitballoon.com/img/team/3.jpg]
[arco.bitballoon.com/img/team/4.jpg]
[arco.bitballoon.com/img/03.jpg]
[arco.bitballoon.com/img/bg4.jpg]
[arco.bitballoon.com/img/clients/1.jpg]
[arco.bitballoon.com/img/clients/2.jpg]
[arco.bitballoon.com/img/clients/3.jpg]
[arco.bitballoon.com/img/blog/1.jpg]
[arco.bitballoon.com/img/blog/2.jpg]
[arco.bitballoon.com/img/blog/3.jpg]
[arco.bitballoon.com/img/pattern.png]
[arco.bitballoon.com/img/clients-logo/1.png]
[arco.bitballoon.com/js/jquery-migrate-3.0.0.min.js]
[arco.bitballoon.com/js/popper.min.js]
[arco.bitballoon.com/js/bootstrap.min.js]
[arco.bitballoon.com/js/scrollIt.min.js]
[arco.bitballoon.com/js/jquery.waypoints.min.js]
[arco.bitballoon.com/js/jquery.counterup.min.js]
[arco.bitballoon.com/js/owl.carousel.min.js]
[arco.bitballoon.com/js/jquery.magnific-popup.min.js]
[arco.bitballoon.com/js/jquery.stellar.min.js]
[arco.bitballoon.com/js/jquery-3.0.0.min.js]
[arco.bitballoon.com/js/isotope.pkgd.min.js]
[arco.bitballoon.com/js/YouTubePopUp.jquery.js]
[arco.bitballoon.com/js/map.js]
[arco.bitballoon.com/js/validator.js]
[arco.bitballoon.com/js/scripts.js]
[arco.bitballoon.com/main.html]
[arco.bitballoon.com/css/plugins/animate.min.css]
[arco.bitballoon.com/css/plugins/linea-basic.css]
[arco.bitballoon.com/css/plugins/fontawesome-all.min.css]
[arco.bitballoon.com/css/plugins/YouTubePopUp.css]
[arco.bitballoon.com/css/plugins/bootstrap.min.css]
[arco.bitballoon.com/css/plugins/magnific-popup.css]
[arco.bitballoon.com/css/plugins/owl.carousel.min.css]
[arco.bitballoon.com/css/plugins/owl.theme.default.min.css]
[arco.bitballoon.com/css/plugins/helper.css]
[arco.bitballoon.com/css/plugins.css]
[arco.bitballoon.com/css/style.css]
[arco.bitballoon.com/img/wave.svg]
[arco.bitballoon.com/css/plugins/bootstrap.min.css]
[arco.bitballoon.com/css/plugins/animate.min.css]
[arco.bitballoon.com/fonts/linea-basic-10.woff]
[arco.bitballoon.com/fonts/linea-basic-10d41d.eot]
[arco.bitballoon.com/fonts/linea-basic-10.eot]
[arco.bitballoon.com/fonts/linea-basic-10.svg]
[arco.bitballoon.com/fonts/linea-basic-10.ttf]
[arco.bitballoon.com/css/plugins/linea-basic.css]
[arco.bitballoon.com/fonts/fa-brands-400.woff2]
[arco.bitballoon.com/fonts/fa-brands-400.eot]
[arco.bitballoon.com/fonts/fa-brands-400.woff]
[arco.bitballoon.com/fonts/fa-brands-400d41d.eot]
[arco.bitballoon.com/fonts/fa-brands-400.svg]
[arco.bitballoon.com/fonts/fa-regular-400.eot]
[arco.bitballoon.com/fonts/fa-regular-400.woff2]
[arco.bitballoon.com/fonts/fa-regular-400.woff]
[arco.bitballoon.com/fonts/fa-regular-400.ttf]
[arco.bitballoon.com/fonts/fa-regular-400.svg]
[arco.bitballoon.com/fonts/fa-regular-400d41d.eot]
[arco.bitballoon.com/fonts/fa-solid-900.woff2]
[arco.bitballoon.com/fonts/fa-solid-900.eot]
[arco.bitballoon.com/fonts/fa-solid-900d41d.eot]
[arco.bitballoon.com/fonts/fa-brands-400.ttf]
[arco.bitballoon.com/fonts/fa-solid-900.svg]
[arco.bitballoon.com/css/plugins/fontawesome-all.min.css]
[arco.bitballoon.com/css/images/close.png]
[arco.bitballoon.com/css/plugins/YouTubePopUp.css]
[arco.bitballoon.com/css/plugins/magnific-popup.css]
[arco.bitballoon.com/css/plugins/owl.video.play.png]
[arco.bitballoon.com/css/plugins/owl.carousel.min.css]
[arco.bitballoon.com/css/plugins/owl.theme.default.min.css]
[arco.bitballoon.com/css/plugins/helper.css]
[arco.bitballoon.com/img/wave.svg]
[arco.bitballoon.com/fonts/linea-basic-10.html]
[arco.bitballoon.com/fonts/fa-brands-400.html]
[arco.bitballoon.com/fonts/fa-regular-400.html]
[arco.bitballoon.com/fonts/fa-solid-900.ttf]
[arco.bitballoon.com/fonts/fa-solid-900.woff]
[arco.bitballoon.com/fonts/fa-solid-900.html]
[arco.bitballoon.com/css/images/close.html]
[arco.bitballoon.com/css/plugins/owl.video.play.html]
